// Jest Snapshot v1, https://goo.gl/fbAQLP

exports[`Queries renders a payload 1`] = `
Object {
  "branches": Array [
    Object {
      "active": false,
      "name": "colinjfw-patch-1",
    },
    Object {
      "active": false,
      "name": "colinjfw-patch-2",
    },
    Object {
      "active": true,
      "name": "master",
    },
  ],
  "commits": Array [
    Object {
      "author": "colinjfw",
      "branch": "master",
      "check": Object {
        "status": Object {
          "color": "red",
          "failure": true,
        },
      },
      "deployment": Object {
        "lastDeployedAt": 1568126490000,
        "lastDeployedAtWords": "a day ago",
        "latest": true,
        "status": Object {
          "color": "gray",
          "waiting": true,
        },
      },
      "deployments": Array [
        Object {
          "creator": "deliverybot",
          "description": "Staging",
          "environment": "staging",
          "status": Object {
            "color": "gray",
            "waiting": true,
          },
          "url": null,
        },
        Object {
          "creator": "colinjfw",
          "description": "Production",
          "environment": "production",
          "status": Object {
            "color": "gray",
            "waiting": true,
          },
          "url": null,
        },
      ],
      "message": "Update syntax",
      "oid": "eb4e2e58dbe2ac54ee07b6703bf33be0cd463eb0",
      "oidShort": "eb4e2e5",
      "owner": "colinjfw",
      "repo": "deliverybot-example",
      "target": "production",
      "undeployed": false,
    },
    Object {
      "author": "colinjfw",
      "branch": "master",
      "check": Object {
        "status": Object {
          "color": "red",
          "failure": true,
        },
      },
      "deployment": Object {
        "lastDeployedAt": 1568002836000,
        "lastDeployedAtWords": "3 days ago",
        "status": Object {
          "color": "gray",
          "waiting": true,
        },
      },
      "deployments": Array [
        Object {
          "creator": "deliverybot",
          "description": "Staging",
          "environment": "staging",
          "status": Object {
            "color": "gray",
            "waiting": true,
          },
          "url": null,
        },
      ],
      "message": "trigger",
      "oid": "eeada946eff96e2e640626e5a6c70b1472ed8b2c",
      "oidShort": "eeada94",
      "owner": "colinjfw",
      "repo": "deliverybot-example",
      "target": "production",
      "undeployed": false,
    },
    Object {
      "author": "colinjfw",
      "branch": "master",
      "check": Object {
        "status": Object {
          "color": "red",
          "failure": true,
        },
      },
      "deployment": Object {
        "lastDeployedAt": 1568001078000,
        "lastDeployedAtWords": "3 days ago",
        "status": Object {
          "color": "gray",
          "waiting": true,
        },
      },
      "deployments": Array [
        Object {
          "creator": "deliverybot",
          "description": "Staging",
          "environment": "staging",
          "status": Object {
            "color": "gray",
            "waiting": true,
          },
          "url": null,
        },
      ],
      "message": "Use helm version 3",
      "oid": "cf1e4266ff8d74161aa68e8926b328ae74f2cf2b",
      "oidShort": "cf1e426",
      "owner": "colinjfw",
      "repo": "deliverybot-example",
      "target": "production",
      "undeployed": false,
    },
    Object {
      "author": "colinjfw",
      "branch": "master",
      "check": Object {
        "status": Object {
          "color": "red",
          "failure": true,
        },
      },
      "deployment": Object {
        "lastDeployedAt": 1567995589000,
        "lastDeployedAtWords": "3 days ago",
        "status": Object {
          "color": "gray",
          "waiting": true,
        },
      },
      "deployments": Array [
        Object {
          "creator": "deliverybot",
          "description": "Staging",
          "environment": "staging",
          "status": Object {
            "color": "gray",
            "waiting": true,
          },
          "url": null,
        },
      ],
      "message": "Fix build arg",
      "oid": "f834faf0fd828e17a312ace5ec976fa48a00148b",
      "oidShort": "f834faf",
      "owner": "colinjfw",
      "repo": "deliverybot-example",
      "target": "production",
      "undeployed": false,
    },
    Object {
      "author": "colinjfw",
      "branch": "master",
      "check": Object {
        "status": Object {
          "color": "red",
          "failure": true,
        },
      },
      "deployment": Object {
        "lastDeployedAt": 1567995438000,
        "lastDeployedAtWords": "3 days ago",
        "status": Object {
          "color": "gray",
          "waiting": true,
        },
      },
      "deployments": Array [
        Object {
          "creator": "deliverybot",
          "description": "Staging",
          "environment": "staging",
          "status": Object {
            "color": "gray",
            "waiting": true,
          },
          "url": null,
        },
      ],
      "message": "Trigger",
      "oid": "b99e1ac89476953a330e302f2a8b79ebe9db44c5",
      "oidShort": "b99e1ac",
      "owner": "colinjfw",
      "repo": "deliverybot-example",
      "target": "production",
      "undeployed": false,
    },
    Object {
      "author": "colinjfw",
      "branch": "master",
      "check": Object {
        "status": Object {
          "color": "red",
          "failure": true,
        },
      },
      "deployment": Object {
        "lastDeployedAt": 1567985724000,
        "lastDeployedAtWords": "3 days ago",
        "status": Object {
          "color": "gray",
          "waiting": true,
        },
      },
      "deployments": Array [
        Object {
          "creator": "deliverybot",
          "description": "Staging",
          "environment": "staging",
          "status": Object {
            "color": "gray",
            "waiting": true,
          },
          "url": null,
        },
      ],
      "message": "Resync with cloudbuild",
      "oid": "3fbbdf4c2f9750e745bae8351502df7b41736038",
      "oidShort": "3fbbdf4",
      "owner": "colinjfw",
      "repo": "deliverybot-example",
      "target": "production",
      "undeployed": false,
    },
    Object {
      "author": "colinjfw",
      "branch": "master",
      "check": Object {
        "status": Object {
          "color": "green",
          "success": true,
        },
      },
      "deployment": Object {
        "lastDeployedAt": undefined,
        "lastDeployedAtWords": undefined,
        "status": Object {
          "color": "gray",
          "nothing": true,
        },
      },
      "deployments": Array [],
      "message": "Add version",
      "oid": "bc347063ed2ea8db869e00b7292c7956b8fc4064",
      "oidShort": "bc34706",
      "owner": "colinjfw",
      "repo": "deliverybot-example",
      "target": "production",
      "undeployed": true,
    },
    Object {
      "author": "colinjfw",
      "branch": "master",
      "check": Object {
        "status": Object {
          "color": "green",
          "success": true,
        },
      },
      "deployment": Object {
        "lastDeployedAt": undefined,
        "lastDeployedAtWords": undefined,
        "status": Object {
          "color": "gray",
          "nothing": true,
        },
      },
      "deployments": Array [],
      "message": "Trigger",
      "oid": "88429153904cbe64ec45915a594318584f75613c",
      "oidShort": "8842915",
      "owner": "colinjfw",
      "repo": "deliverybot-example",
      "target": "production",
      "undeployed": true,
    },
    Object {
      "author": "colinjfw",
      "branch": "master",
      "check": Object {
        "status": Object {
          "color": "green",
          "success": true,
        },
      },
      "deployment": Object {
        "lastDeployedAt": undefined,
        "lastDeployedAtWords": undefined,
        "status": Object {
          "color": "gray",
          "nothing": true,
        },
      },
      "deployments": Array [],
      "message": "Add remove canary",
      "oid": "7385adc15a7e89dae299bcade4e71bb7eb5990e6",
      "oidShort": "7385adc",
      "owner": "colinjfw",
      "repo": "deliverybot-example",
      "target": "production",
      "undeployed": true,
    },
    Object {
      "author": "colinjfw",
      "branch": "master",
      "check": Object {
        "status": Object {
          "color": "green",
          "success": true,
        },
      },
      "deployment": Object {
        "lastDeployedAt": undefined,
        "lastDeployedAtWords": undefined,
        "status": Object {
          "color": "gray",
          "nothing": true,
        },
      },
      "deployments": Array [],
      "message": "Add version",
      "oid": "5c98304a628b62b0a7ac43080552177500c40a38",
      "oidShort": "5c98304",
      "owner": "colinjfw",
      "repo": "deliverybot-example",
      "target": "production",
      "undeployed": true,
    },
  ],
  "latest": Object {
    "author": "colinjfw",
    "branch": "master",
    "check": Object {
      "status": Object {
        "color": "red",
        "failure": true,
      },
    },
    "deployment": Object {
      "lastDeployedAt": 1568126490000,
      "lastDeployedAtWords": "a day ago",
      "latest": true,
      "status": Object {
        "color": "gray",
        "waiting": true,
      },
    },
    "deployments": Array [
      Object {
        "creator": "deliverybot",
        "description": "Staging",
        "environment": "staging",
        "status": Object {
          "color": "gray",
          "waiting": true,
        },
        "url": null,
      },
      Object {
        "creator": "colinjfw",
        "description": "Production",
        "environment": "production",
        "status": Object {
          "color": "gray",
          "waiting": true,
        },
        "url": null,
      },
    ],
    "message": "Update syntax",
    "oid": "eb4e2e58dbe2ac54ee07b6703bf33be0cd463eb0",
    "oidShort": "eb4e2e5",
    "owner": "colinjfw",
    "repo": "deliverybot-example",
    "target": "production",
    "undeployed": false,
  },
  "previous": Object {
    "author": "colinjfw",
    "branch": "master",
    "check": Object {
      "status": Object {
        "color": "red",
        "failure": true,
      },
    },
    "deployment": Object {
      "lastDeployedAt": 1568002836000,
      "lastDeployedAtWords": "3 days ago",
      "status": Object {
        "color": "gray",
        "waiting": true,
      },
    },
    "deployments": Array [
      Object {
        "creator": "deliverybot",
        "description": "Staging",
        "environment": "staging",
        "status": Object {
          "color": "gray",
          "waiting": true,
        },
        "url": null,
      },
    ],
    "message": "trigger",
    "oid": "eeada946eff96e2e640626e5a6c70b1472ed8b2c",
    "oidShort": "eeada94",
    "owner": "colinjfw",
    "repo": "deliverybot-example",
    "target": "production",
    "undeployed": false,
  },
}
`;
